<!DOCTYPE html>
<html>
  <head>
    <title>Example Site</title>
  </head>
  
  <body>
    <h1>Example Site</h1>
    
    <h1>A Page in a Subfolder</h1>
  </body>
</html>