<!DOCTYPE html>
<html>
  <head>
    <title>Example Site</title>
  </head>
  
  <body>
    <h1>Example Site</h1>
    
    <h1>Ben Franklin</h1>

<p>Current path: /ben-franklin/</p>
  </body>
</html>