<!DOCTYPE html>
<html>
  <head>
    <title>Example Site</title>
  </head>
  
  <body>
    <h1>The New Header</h1>
    
    <p>This page's layout should change.</p>
  </body>
</html>