<!DOCTYPE html>
<html>
  <head>
    <title>Example Site</title>
  </head>
  
  <body>
    <h1>Example Site</h1>
    
    <h1>HTML Page</h1>

<p>This is a paragraph.</p>
  </body>
</html>