<!DOCTYPE html>
<html>
  <head>
    <title>Example Site</title>
  </head>
  
  <body>
    <h1>Example Site</h1>
    
    <p>Here comes the partial:</p>

<p>Version 2. Current path: /includes_partial/</p>
  </body>
</html>