<!DOCTYPE html>
<html>
  <head>
    <title>Example Site</title>
  </head>
  
  <body>
    <h1>Example Site</h1>
    
    <h2 id="markdown-page-2">Markdown Page 2</h2>

<p>This is a paragraph.</p>

<p>This is another.</p>

  </body>
</html>