<!DOCTYPE html>
<html>
  <head>
    <title>Example Site</title>
  </head>
  
  <body>
    <h1>Example Site</h1>
    
    <p>This is a paragraph.</p>

<p>This is <em>another</em>.</p>

  </body>
</html>