<!DOCTYPE html>
<html>
  <head>
    <title>Example Site</title>
  </head>
  
  <body>
    <h1>Nested Layout - Outer</h1>
    
    <div id="inner">
  <h2>Nested Layout - Inner</h2>
  
  
<p>This is the content for the nested layouts.</p>
</div>
  </body>
</html>