A normal Ichiban project would not have the `expected` directory.
This is just here as a convience for our automated tests. This directory
represents what we expect to be in the compiled directory after a
successful compilation.