<!DOCTYPE html>
<html>
  <head>
    <title>Example Site</title>
  </head>
  
  <body>
    <h1>Example Site</h1>
    
    <h1>Thomas Jefferson</h1>

<p>Current path: /thomas-jefferson/</p>
  </body>
</html>