<!DOCTYPE html>
<html>
  <head>
    <title>Example Site</title>
  </head>
  
  <body>
    <h1>Example Site</h1>
    
    <p>This page uses a helper. 2 x 2 is 4.</p>
  </body>
</html>